---------------------------------------
Begin Slurm Prolog: Oct-08-2026 12:27:52
Job ID:    6106735
User ID:   dpatel878
Account:   coc
Job name:  satmae-build-env
Partition: coc-cpu
QOS:       coc-ice
---------------------------------------
Channels:
 - pytorch
 - nvidia
 - conda-forge
 - defaults
Platform: linux-64
Collecting package metadata (repodata.json): ...working... done
Solving environment: ...working... done

Downloading and Extracting Packages: ...working... done
Preparing transaction: ...working... done
Verifying transaction: ...working... done
Executing transaction: ...working... By downloading and using the CUDA Toolkit conda packages, you accept the terms and conditions of the CUDA End User License Agreement (EULA): https://docs.nvidia.com/cuda/eula/index.html

done
Installing pip dependencies: ...working... Ran pip subprocess with arguments:
['/home/hice1/dpatel878/scratch/envs/satmae/bin/python', '-m', 'pip', 'install', '-U', '-r', '/storage/ice1/5/8/dpatel878/satmae-reproducible-inference/env/condaenv.g25rr8fk.requirements.txt', '--exists-action=b']
Pip subprocess output:
Collecting timm==0.3.2
  Downloading timm-0.3.2-py3-none-any.whl (244 kB)
     ━━━━━━━━━━━━━━━━━━━━━━━━━━━━━━━━━━━━━━━ 244.2/244.2 kB 4.3 MB/s eta 0:00:00
Collecting pandas==1.5.3
  Downloading pandas-1.5.3-cp39-cp39-manylinux_2_17_x86_64.manylinux2014_x86_64.whl (12.2 MB)
     ━━━━━━━━━━━━━━━━━━━━━━━━━━━━━━━━━━━━━━━ 12.2/12.2 MB 112.0 MB/s eta 0:00:00
Collecting numpy==1.23.5
  Downloading numpy-1.23.5-cp39-cp39-manylinux_2_17_x86_64.manylinux2014_x86_64.whl (17.1 MB)
     ━━━━━━━━━━━━━━━━━━━━━━━━━━━━━━━━━━━━━━━━ 17.1/17.1 MB 97.8 MB/s eta 0:00:00
Collecting pillow==9.4.0
  Downloading Pillow-9.4.0-cp39-cp39-manylinux_2_28_x86_64.whl (3.4 MB)
     ━━━━━━━━━━━━━━━━━━━━━━━━━━━━━━━━━━━━━━━━ 3.4/3.4 MB 109.7 MB/s eta 0:00:00
Collecting rasterio==1.3.6
  Downloading rasterio-1.3.6-cp39-cp39-manylinux_2_17_x86_64.manylinux2014_x86_64.whl (20.1 MB)
     ━━━━━━━━━━━━━━━━━━━━━━━━━━━━━━━━━━━━━━━━ 20.1/20.1 MB 30.3 MB/s eta 0:00:00
Collecting scikit-learn==1.2.2
  Downloading scikit_learn-1.2.2-cp39-cp39-manylinux_2_17_x86_64.manylinux2014_x86_64.whl (9.6 MB)
     ━━━━━━━━━━━━━━━━━━━━━━━━━━━━━━━━━━━━━━━━ 9.6/9.6 MB 74.0 MB/s eta 0:00:00
Collecting tqdm==4.65.0
  Downloading tqdm-4.65.0-py3-none-any.whl (77 kB)
     ━━━━━━━━━━━━━━━━━━━━━━━━━━━━━━━━━━━━━━━━ 77.1/77.1 kB 6.5 MB/s eta 0:00:00
Requirement already satisfied: torchvision in /storage/ice1/5/8/dpatel878/envs/satmae/lib/python3.9/site-packages (from timm==0.3.2->-r /storage/ice1/5/8/dpatel878/satmae-reproducible-inference/env/condaenv.g25rr8fk.requirements.txt (line 1)) (0.13.1)
Requirement already satisfied: torch>=1.0 in /storage/ice1/5/8/dpatel878/envs/satmae/lib/python3.9/site-packages (from timm==0.3.2->-r /storage/ice1/5/8/dpatel878/satmae-reproducible-inference/env/condaenv.g25rr8fk.requirements.txt (line 1)) (1.12.1)
Collecting pytz>=2020.1
  Downloading pytz-2026.5-py2.py3-none-any.whl (506 kB)
     ━━━━━━━━━━━━━━━━━━━━━━━━━━━━━━━━━━━━━━ 506.3/506.3 kB 50.4 MB/s eta 0:00:00
Collecting python-dateutil>=2.8.1
  Downloading python_dateutil-2.9.0.post0-py2.py3-none-any.whl (229 kB)
     ━━━━━━━━━━━━━━━━━━━━━━━━━━━━━━━━━━━━━━ 229.9/229.9 kB 22.1 MB/s eta 0:00:00
Collecting attrs
  Downloading attrs-26.1.0-py3-none-any.whl (67 kB)
     ━━━━━━━━━━━━━━━━━━━━━━━━━━━━━━━━━━━━━━━━ 67.5/67.5 kB 7.2 MB/s eta 0:00:00
Requirement already satisfied: certifi in /storage/ice1/5/8/dpatel878/envs/satmae/lib/python3.9/site-packages (from rasterio==1.3.6->-r /storage/ice1/5/8/dpatel878/satmae-reproducible-inference/env/condaenv.g25rr8fk.requirements.txt (line 5)) (2025.8.3)
Requirement already satisfied: setuptools in /storage/ice1/5/8/dpatel878/envs/satmae/lib/python3.9/site-packages (from rasterio==1.3.6->-r /storage/ice1/5/8/dpatel878/satmae-reproducible-inference/env/condaenv.g25rr8fk.requirements.txt (line 5)) (80.9.0)
Collecting cligj>=0.5
  Downloading cligj-0.7.2-py3-none-any.whl (7.1 kB)
Collecting click>=4.0
  Downloading click-8.1.8-py3-none-any.whl (98 kB)
     ━━━━━━━━━━━━━━━━━━━━━━━━━━━━━━━━━━━━━━━━ 98.2/98.2 kB 9.5 MB/s eta 0:00:00
Collecting click-plugins
  Downloading click_plugins-1.1.1.2-py2.py3-none-any.whl (11 kB)
Collecting snuggs>=1.4.1
  Downloading snuggs-1.4.7-py3-none-any.whl (5.4 kB)
Collecting affine
  Downloading affine-3.0.1-py3-none-any.whl (10 kB)
Collecting scipy>=1.3.2
  Downloading scipy-1.13.1-cp39-cp39-manylinux_2_17_x86_64.manylinux2014_x86_64.whl (38.6 MB)
     ━━━━━━━━━━━━━━━━━━━━━━━━━━━━━━━━━━━━━━━━ 38.6/38.6 MB 61.8 MB/s eta 0:00:00
Collecting threadpoolctl>=2.0.0
  Downloading threadpoolctl-3.7.0-py3-none-any.whl (26 kB)
Collecting joblib>=1.1.1
  Downloading joblib-1.5.3-py3-none-any.whl (309 kB)
     ━━━━━━━━━━━━━━━━━━━━━━━━━━━━━━━━━━━━━━ 309.1/309.1 kB 35.2 MB/s eta 0:00:00
Collecting six>=1.5
  Downloading six-1.17.0-py2.py3-none-any.whl (11 kB)
Collecting pyparsing>=2.1.6
  Downloading pyparsing-3.3.3-py3-none-any.whl (126 kB)
     ━━━━━━━━━━━━━━━━━━━━━━━━━━━━━━━━━━━━━━ 126.4/126.4 kB 16.4 MB/s eta 0:00:00
Requirement already satisfied: typing_extensions in /storage/ice1/5/8/dpatel878/envs/satmae/lib/python3.9/site-packages (from torch>=1.0->timm==0.3.2->-r /storage/ice1/5/8/dpatel878/satmae-reproducible-inference/env/condaenv.g25rr8fk.requirements.txt (line 1)) (4.14.1)
Requirement already satisfied: requests in /storage/ice1/5/8/dpatel878/envs/satmae/lib/python3.9/site-packages (from torchvision->timm==0.3.2->-r /storage/ice1/5/8/dpatel878/satmae-reproducible-inference/env/condaenv.g25rr8fk.requirements.txt (line 1)) (2.32.5)
Requirement already satisfied: charset_normalizer<4,>=2 in /storage/ice1/5/8/dpatel878/envs/satmae/lib/python3.9/site-packages (from requests->torchvision->timm==0.3.2->-r /storage/ice1/5/8/dpatel878/satmae-reproducible-inference/env/condaenv.g25rr8fk.requirements.txt (line 1)) (3.5.2)
Requirement already satisfied: urllib3<3,>=1.21.1 in /storage/ice1/5/8/dpatel878/envs/satmae/lib/python3.9/site-packages (from requests->torchvision->timm==0.3.2->-r /storage/ice1/5/8/dpatel878/satmae-reproducible-inference/env/condaenv.g25rr8fk.requirements.txt (line 1)) (2.5.0)
Requirement already satisfied: idna<4,>=2.5 in /storage/ice1/5/8/dpatel878/envs/satmae/lib/python3.9/site-packages (from requests->torchvision->timm==0.3.2->-r /storage/ice1/5/8/dpatel878/satmae-reproducible-inference/env/condaenv.g25rr8fk.requirements.txt (line 1)) (3.11)
Installing collected packages: pytz, tqdm, threadpoolctl, six, pyparsing, pillow, numpy, joblib, click, attrs, snuggs, scipy, python-dateutil, cligj, click-plugins, affine, timm, scikit-learn, rasterio, pandas
  Attempting uninstall: pillow
    Found existing installation: pillow 11.1.0
    Uninstalling pillow-11.1.0:
      Successfully uninstalled pillow-11.1.0
  Attempting uninstall: numpy
    Found existing installation: numpy 2.0.2
    Uninstalling numpy-2.0.2:
      Successfully uninstalled numpy-2.0.2
Successfully installed affine-3.0.1 attrs-26.1.0 click-8.1.8 click-plugins-1.1.1.2 cligj-0.7.2 joblib-1.5.3 numpy-1.23.5 pandas-1.5.3 pillow-9.4.0 pyparsing-3.3.3 python-dateutil-2.9.0.post0 pytz-2026.5 rasterio-1.3.6 scikit-learn-1.2.2 scipy-1.13.1 six-1.17.0 snuggs-1.4.7 threadpoolctl-3.7.0 timm-0.3.2 tqdm-4.65.0

done
#
# To activate this environment, use
#
#     $ conda activate /home/hice1/dpatel878/scratch/envs/satmae
#
# To deactivate an active environment, use
#
#     $ conda deactivate

---------------------------------------
Begin Slurm Epilog: Oct-08-2026 12:35:36
Job ID:        6106735
User ID:       dpatel878
Account:       coc
Job name:      satmae-build-env
Resources:     cpu=4,mem=16G,node=1
Rsrc Used:     cput=00:30:56,vmem=0,walltime=00:07:44,mem=10295084K,energy_used=0
Partition:     coc-cpu
QOS:           coc-ice
Nodes:         atl1-1-01-005-2-2
---------------------------------------
